🧹 Starting cleanup of Bihać Scrapers System...
==============================================
1. Cleaning Python temporary files...
   ✓ Python cache cleaned
2. Rotating log files...
   ✓ Rotated: scraper_log.txt
   ✓ Rotated: scraper_cron.log
   ✓ Rotated: dashboard.log
   ✓ Rotated: email_sent.log
3. Cleaning old JSON files...
   ✓ Removed 0 old JSON files (kept 68)
4. Cleaning backup files...
   ✓ Old backup files cleaned
5. Cleaning temporary email files...
   ✓ Temporary email files cleaned
6. Cleaning browser cache...
   ✓ Browser cache cleaned
7. Cleaning downloaded HTML files...
   ✓ Old HTML files cleaned
8. Checking disk space...
   Current disk usage:
/dev/mapper/ubuntu--vg-ubuntu--lv   14G   13G  333M  98% /
9. Largest files in /home/bihac-danas/web-scraper:
-rwxr-xr-x 1 bihac-danas bihac-danas 116M Feb  5 10:58 /home/bihac-danas/web-scraper/scraper-env/lib/python3.12/site-packages/playwright/driver/node
10. Cleaning empty directories...
   ✓ Empty directories removed

==============================================
✅ Cleanup completed!

To automate cleanup, add to crontab:
0 2 * * * /home/bihac-danas/web-scraper/cleanup_script.sh >> /home/bihac-danas/web-scraper/cleanup.log 2>&1

This will run cleanup daily at 2 AM
==============================================
🧹 Starting cleanup of Bihać Scrapers System...
==============================================
1. Cleaning Python temporary files...
   ✓ Python cache cleaned
2. Rotating log files...
   ✓ Rotated: scraper_log.txt
   ✓ Rotated: scraper_cron.log
   ✓ Rotated: dashboard_access.log
   ✓ Rotated: dashboard_activity.log
   ✓ Rotated: dashboard.log
   ✓ Rotated: email_sent.log
   ✓ Rotated: failed_logins.log
3. Cleaning old JSON files...
   ✓ Removed 0 old JSON files (kept 57)
4. Cleaning backup files...
   ✓ Old backup files cleaned
5. Cleaning temporary email files...
   ✓ Temporary email files cleaned
6. Cleaning browser cache...
   ✓ Browser cache cleaned
7. Checking disk space...
   Current disk usage:
/dev/mapper/ubuntu--vg-ubuntu--lv   14G   13G  149M  99% /
8. Largest files in /home/bihac-danas/web-scraper:
   No files larger than 10MB found
9. Cleaning empty directories...
   ✓ Empty directories removed

==============================================
✅ Cleanup completed!

To automate cleanup, add to crontab:
0 2 * * * /home/bihac-danas/web-scraper/cleanup_script.sh >> /home/bihac-danas/web-scraper/cleanup.log 2>&1

This will run cleanup daily at 2 AM
==============================================
🧹 Starting cleanup of Bihać Scrapers System...
==============================================
1. Cleaning Python temporary files...
   ✓ Python cache cleaned
2. Rotating log files...
   ✓ Rotated: scraper_log.txt
   ✓ Rotated: scraper_cron.log
   ✓ Rotated: dashboard_access.log
   ✓ Rotated: dashboard_activity.log
   ✓ Rotated: dashboard.log
   ✓ Rotated: email_sent.log
   ✓ Rotated: failed_logins.log
3. Cleaning old JSON files...
   ✓ Removed 0 old JSON files (kept 70)
4. Cleaning backup files...
   ✓ Old backup files cleaned
5. Cleaning temporary email files...
   ✓ Temporary email files cleaned
6. Cleaning browser cache...
   ✓ Browser cache cleaned
7. Checking disk space...
   Current disk usage:
/dev/mapper/ubuntu--vg-ubuntu--lv   14G   12G  1.1G  93% /
8. Largest files in /home/bihac-danas/web-scraper:
   No files larger than 10MB found
9. Cleaning empty directories...
   ✓ Empty directories removed

==============================================
✅ Cleanup completed!

To automate cleanup, add to crontab:
0 2 * * * /home/bihac-danas/web-scraper/cleanup_script.sh >> /home/bihac-danas/web-scraper/cleanup.log 2>&1

This will run cleanup daily at 2 AM
==============================================
🧹 Starting cleanup of Bihać Scrapers System...
==============================================
1. Cleaning Python temporary files...
   ✓ Python cache cleaned
2. Rotating log files...
   ✓ Rotated: scraper_log.txt
   ✓ Rotated: scraper_cron.log
   ✓ Rotated: dashboard_access.log
   ✓ Rotated: dashboard_activity.log
   ✓ Rotated: dashboard.log
   ✓ Rotated: email_sent.log
   ✓ Rotated: failed_logins.log
3. Cleaning old JSON files...
   ✓ Removed 0 old JSON files (kept 86)
4. Cleaning backup files...
   ✓ Old backup files cleaned
5. Cleaning temporary email files...
   ✓ Temporary email files cleaned
6. Cleaning browser cache...
   ✓ Browser cache cleaned
7. Checking disk space...
   Current disk usage:
/dev/mapper/ubuntu--vg-ubuntu--lv   14G   13G  971M  93% /
8. Largest files in /home/bihac-danas/web-scraper:
   No files larger than 10MB found
9. Cleaning empty directories...
   ✓ Empty directories removed

==============================================
✅ Cleanup completed!

To automate cleanup, add to crontab:
0 2 * * * /home/bihac-danas/web-scraper/cleanup_script.sh >> /home/bihac-danas/web-scraper/cleanup.log 2>&1

This will run cleanup daily at 2 AM
==============================================
🧹 Starting cleanup of Bihać Scrapers System...
==============================================
1. Cleaning Python temporary files...
   ✓ Python cache cleaned
2. Rotating log files...
   ✓ Rotated: scraper_log.txt
   ✓ Rotated: scraper_cron.log
   ✓ Rotated: dashboard_access.log
   ✓ Rotated: dashboard_activity.log
   ✓ Rotated: dashboard.log
   ✓ Rotated: email_sent.log
   ✓ Rotated: failed_logins.log
3. Cleaning old JSON files...
   ✓ Removed 0 old JSON files (kept 86)
4. Cleaning backup files...
   ✓ Old backup files cleaned
5. Cleaning temporary email files...
   ✓ Temporary email files cleaned
6. Cleaning browser cache...
   ✓ Browser cache cleaned
7. Checking disk space...
   Current disk usage:
/dev/mapper/ubuntu--vg-ubuntu--lv   14G   13G  966M  93% /
8. Largest files in /home/bihac-danas/web-scraper:
   No files larger than 10MB found
9. Cleaning empty directories...
   ✓ Empty directories removed

==============================================
✅ Cleanup completed!

To automate cleanup, add to crontab:
0 2 * * * /home/bihac-danas/web-scraper/cleanup_script.sh >> /home/bihac-danas/web-scraper/cleanup.log 2>&1

This will run cleanup daily at 2 AM
==============================================
🧹 Starting cleanup of Bihać Scrapers System...
==============================================
1. Cleaning Python temporary files...
   ✓ Python cache cleaned
2. Rotating log files...
   ✓ Rotated: scraper_log.txt
   ✓ Rotated: scraper_cron.log
   ✓ Rotated: dashboard_access.log
   ✓ Rotated: dashboard_activity.log
   ✓ Rotated: dashboard.log
   ✓ Rotated: email_sent.log
   ✓ Rotated: failed_logins.log
3. Cleaning old JSON files...
   ✓ Removed 0 old JSON files (kept 90)
4. Cleaning backup files...
   ✓ Old backup files cleaned
5. Cleaning temporary email files...
   ✓ Temporary email files cleaned
6. Cleaning browser cache...
   ✓ Browser cache cleaned
7. Checking disk space...
   Current disk usage:
/dev/mapper/ubuntu--vg-ubuntu--lv   14G   13G  957M  93% /
8. Largest files in /home/bihac-danas/web-scraper:
   No files larger than 10MB found
9. Cleaning empty directories...
   ✓ Empty directories removed

==============================================
✅ Cleanup completed!

To automate cleanup, add to crontab:
0 2 * * * /home/bihac-danas/web-scraper/cleanup_script.sh >> /home/bihac-danas/web-scraper/cleanup.log 2>&1

This will run cleanup daily at 2 AM
==============================================
🧹 Starting cleanup of Bihać Scrapers System...
==============================================
1. Cleaning Python temporary files...
   ✓ Python cache cleaned
2. Rotating log files...
   ✓ Rotated: scraper_log.txt
   ✓ Rotated: scraper_cron.log
   ✓ Rotated: dashboard_access.log
   ✓ Rotated: dashboard_activity.log
   ✓ Rotated: dashboard.log
   ✓ Rotated: email_sent.log
   ✓ Rotated: failed_logins.log
3. Cleaning old JSON files...
   ✓ Removed 0 old JSON files (kept 90)
4. Cleaning backup files...
   ✓ Old backup files cleaned
5. Cleaning temporary email files...
   ✓ Temporary email files cleaned
6. Cleaning browser cache...
   ✓ Browser cache cleaned
7. Checking disk space...
   Current disk usage:
/dev/mapper/ubuntu--vg-ubuntu--lv   14G   13G  957M  93% /
8. Largest files in /home/bihac-danas/web-scraper:
   No files larger than 10MB found
9. Cleaning empty directories...
   ✓ Empty directories removed

==============================================
✅ Cleanup completed!

To automate cleanup, add to crontab:
0 2 * * * /home/bihac-danas/web-scraper/cleanup_script.sh >> /home/bihac-danas/web-scraper/cleanup.log 2>&1

This will run cleanup daily at 2 AM
==============================================
🧹 Starting cleanup of Bihać Scrapers System...
==============================================
1. Cleaning Python temporary files...
   ✓ Python cache cleaned
2. Rotating log files...
   ✓ Rotated: scraper_log.txt
   ✓ Rotated: scraper_cron.log
   ✓ Rotated: dashboard_access.log
   ✓ Rotated: dashboard_activity.log
   ✓ Rotated: dashboard.log
   ✓ Rotated: email_sent.log
   ✓ Rotated: failed_logins.log
3. Cleaning old JSON files...
   ✓ Removed 11 old JSON files (kept 9)
4. Cleaning backup files...
   ✓ Old backup files cleaned
5. Cleaning temporary email files...
   ✓ Temporary email files cleaned
6. Cleaning browser cache...
   ✓ Browser cache cleaned
7. Checking disk space...
   Current disk usage:
/dev/mapper/ubuntu--vg-ubuntu--lv   14G   13G  468M  97% /
8. Largest files in /home/bihac-danas/web-scraper:
   No files larger than 10MB found
9. Cleaning empty directories...
   ✓ Empty directories removed

==============================================
✅ Cleanup completed!

To automate cleanup, add to crontab:
0 2 * * * /home/bihac-danas/web-scraper/cleanup_script.sh >> /home/bihac-danas/web-scraper/cleanup.log 2>&1

This will run cleanup daily at 2 AM
==============================================
🧹 Starting cleanup of Bihać Scrapers System...
==============================================
1. Cleaning Python temporary files...
   ✓ Python cache cleaned
2. Rotating log files...
   ✓ Rotated: scraper_log.txt
   ✓ Rotated: scraper_cron.log
   ✓ Rotated: dashboard_access.log
   ✓ Rotated: dashboard_activity.log
   ✓ Rotated: dashboard.log
   ✓ Rotated: email_sent.log
   ✓ Rotated: failed_logins.log
3. Cleaning old JSON files...
   ✓ Removed 4 old JSON files (kept 25)
4. Cleaning backup files...
   ✓ Old backup files cleaned
5. Cleaning temporary email files...
   ✓ Temporary email files cleaned
6. Cleaning browser cache...
   ✓ Browser cache cleaned
7. Checking disk space...
   Current disk usage:
/dev/mapper/ubuntu--vg-ubuntu--lv   14G   13G  572M  96% /
8. Largest files in /home/bihac-danas/web-scraper:
   No files larger than 10MB found
9. Cleaning empty directories...
   ✓ Empty directories removed

==============================================
✅ Cleanup completed!

To automate cleanup, add to crontab:
0 2 * * * /home/bihac-danas/web-scraper/cleanup_script.sh >> /home/bihac-danas/web-scraper/cleanup.log 2>&1

This will run cleanup daily at 2 AM
==============================================
🧹 Starting cleanup of Bihać Scrapers System...
==============================================
1. Cleaning Python temporary files...
   ✓ Python cache cleaned
2. Rotating log files...
   ✓ Rotated: scraper_log.txt
   ✓ Rotated: scraper_cron.log
   ✓ Rotated: dashboard_access.log
   ✓ Rotated: dashboard_activity.log
   ✓ Rotated: dashboard.log
   ✓ Rotated: email_sent.log
   ✓ Rotated: failed_logins.log
3. Cleaning old JSON files...
   ✓ Removed 0 old JSON files (kept 4)
4. Cleaning backup files...
   ✓ Old backup files cleaned
5. Cleaning temporary email files...
   ✓ Temporary email files cleaned
6. Cleaning browser cache...
   ✓ Browser cache cleaned
7. Checking disk space...
   Current disk usage:
/dev/mapper/ubuntu--vg-ubuntu--lv   14G   13G  562M  96% /
8. Largest files in /home/bihac-danas/web-scraper:
   No files larger than 10MB found
9. Cleaning empty directories...
   ✓ Empty directories removed

==============================================
✅ Cleanup completed!

To automate cleanup, add to crontab:
0 2 * * * /home/bihac-danas/web-scraper/cleanup_script.sh >> /home/bihac-danas/web-scraper/cleanup.log 2>&1

This will run cleanup daily at 2 AM
==============================================
🧹 Starting cleanup of Bihać Scrapers System...
==============================================
1. Cleaning Python temporary files...
   ✓ Python cache cleaned
2. Rotating log files...
   ✓ Rotated: scraper_log.txt
   ✓ Rotated: scraper_cron.log
   ✓ Rotated: dashboard_access.log
   ✓ Rotated: dashboard_activity.log
   ✓ Rotated: dashboard.log
   ✓ Rotated: email_sent.log
   ✓ Rotated: failed_logins.log
3. Cleaning old JSON files...
   ✓ Removed 0 old JSON files (kept 9)
4. Cleaning backup files...
   ✓ Old backup files cleaned
5. Cleaning temporary email files...
   ✓ Temporary email files cleaned
6. Cleaning browser cache...
   ✓ Browser cache cleaned
7. Checking disk space...
   Current disk usage:
/dev/mapper/ubuntu--vg-ubuntu--lv   14G   13G  289M  98% /
8. Largest files in /home/bihac-danas/web-scraper:
   No files larger than 10MB found
9. Cleaning empty directories...
   ✓ Empty directories removed

==============================================
✅ Cleanup completed!

To automate cleanup, add to crontab:
0 2 * * * /home/bihac-danas/web-scraper/cleanup_script.sh >> /home/bihac-danas/web-scraper/cleanup.log 2>&1

This will run cleanup daily at 2 AM
==============================================
🧹 Starting cleanup of Bihać Scrapers System...
==============================================
1. Cleaning Python temporary files...
   ✓ Python cache cleaned
2. Rotating log files...
   ✓ Rotated: scraper_log.txt
   ✓ Rotated: scraper_cron.log
   ✓ Rotated: dashboard_access.log
   ✓ Rotated: dashboard_activity.log
   ✓ Rotated: dashboard.log
   ✓ Rotated: email_sent.log
   ✓ Rotated: failed_logins.log
3. Cleaning old JSON files...
   ✓ Removed 0 old JSON files (kept 11)
4. Cleaning backup files...
   ✓ Old backup files cleaned
5. Cleaning temporary email files...
   ✓ Temporary email files cleaned
6. Cleaning browser cache...
   ✓ Browser cache cleaned
7. Checking disk space...
   Current disk usage:
/dev/mapper/ubuntu--vg-ubuntu--lv   14G   13G  489M  97% /
8. Largest files in /home/bihac-danas/web-scraper:
   No files larger than 10MB found
9. Cleaning empty directories...
   ✓ Empty directories removed

==============================================
✅ Cleanup completed!

To automate cleanup, add to crontab:
0 2 * * * /home/bihac-danas/web-scraper/cleanup_script.sh >> /home/bihac-danas/web-scraper/cleanup.log 2>&1

This will run cleanup daily at 2 AM
==============================================
🧹 Starting cleanup of Bihać Scrapers System...
==============================================
1. Cleaning Python temporary files...
   ✓ Python cache cleaned
2. Rotating log files...
   ✓ Rotated: scraper_log.txt
   ✓ Rotated: scraper_cron.log
   ✓ Rotated: dashboard_access.log
   ✓ Rotated: dashboard_activity.log
   ✓ Rotated: dashboard.log
   ✓ Rotated: email_sent.log
   ✓ Rotated: failed_logins.log
3. Cleaning old JSON files...
   ✓ Removed 3 old JSON files (kept 10)
4. Cleaning backup files...
   ✓ Old backup files cleaned
5. Cleaning temporary email files...
   ✓ Temporary email files cleaned
6. Cleaning browser cache...
   ✓ Browser cache cleaned
7. Checking disk space...
   Current disk usage:
/dev/mapper/ubuntu--vg-ubuntu--lv   14G   13G  399M  97% /
8. Largest files in /home/bihac-danas/web-scraper:
   No files larger than 10MB found
9. Cleaning empty directories...
   ✓ Empty directories removed

==============================================
✅ Cleanup completed!

To automate cleanup, add to crontab:
0 2 * * * /home/bihac-danas/web-scraper/cleanup_script.sh >> /home/bihac-danas/web-scraper/cleanup.log 2>&1

This will run cleanup daily at 2 AM
==============================================
🧹 Starting cleanup of Bihać Scrapers System...
==============================================
1. Cleaning Python temporary files...
   ✓ Python cache cleaned
2. Rotating log files...
   ✓ Rotated: scraper_log.txt
   ✓ Rotated: scraper_cron.log
   ✓ Rotated: dashboard_access.log
   ✓ Rotated: dashboard_activity.log
   ✓ Rotated: dashboard.log
   ✓ Rotated: email_sent.log
   ✓ Rotated: failed_logins.log
3. Cleaning old JSON files...
   ✓ Removed 9 old JSON files (kept 38)
4. Cleaning backup files...
   ✓ Old backup files cleaned
5. Cleaning temporary email files...
   ✓ Temporary email files cleaned
6. Cleaning browser cache...
   ✓ Browser cache cleaned
7. Checking disk space...
   Current disk usage:
/dev/mapper/ubuntu--vg-ubuntu--lv   14G   13G   47M 100% /
8. Largest files in /home/bihac-danas/web-scraper:
   No files larger than 10MB found
9. Cleaning empty directories...
   ✓ Empty directories removed

==============================================
✅ Cleanup completed!

To automate cleanup, add to crontab:
0 2 * * * /home/bihac-danas/web-scraper/cleanup_script.sh >> /home/bihac-danas/web-scraper/cleanup.log 2>&1

This will run cleanup daily at 2 AM
==============================================
🧹 Starting cleanup of Bihać Scrapers System...
==============================================
1. Cleaning Python temporary files...
   ✓ Python cache cleaned
2. Rotating log files...
   ✓ Rotated: scraper_log.txt
   ✓ Rotated: scraper_cron.log
   ✓ Rotated: dashboard_access.log
   ✓ Rotated: dashboard_activity.log
   ✓ Rotated: dashboard.log
   ✓ Rotated: email_sent.log
   ✓ Rotated: failed_logins.log
3. Cleaning old JSON files...
   ✓ Removed 0 old JSON files (kept 3)
4. Cleaning backup files...
   ✓ Old backup files cleaned
5. Cleaning temporary email files...
   ✓ Temporary email files cleaned
6. Cleaning browser cache...
   ✓ Browser cache cleaned
7. Checking disk space...
   Current disk usage:
/dev/mapper/ubuntu--vg-ubuntu--lv   14G   12G  1.4G  90% /
8. Largest files in /home/bihac-danas/web-scraper:
   No files larger than 10MB found
9. Cleaning empty directories...
   ✓ Empty directories removed

==============================================
✅ Cleanup completed!

To automate cleanup, add to crontab:
0 2 * * * /home/bihac-danas/web-scraper/cleanup_script.sh >> /home/bihac-danas/web-scraper/cleanup.log 2>&1

This will run cleanup daily at 2 AM
==============================================
🧹 Starting cleanup of Bihać Scrapers System...
==============================================
1. Cleaning Python temporary files...
   ✓ Python cache cleaned
2. Rotating log files...
   ✓ Rotated: scraper_log.txt
   ✓ Rotated: scraper_cron.log
   ✓ Rotated: dashboard_access.log
   ✓ Rotated: dashboard_activity.log
   ✓ Rotated: dashboard.log
   ✓ Rotated: email_sent.log
   ✓ Rotated: failed_logins.log
3. Cleaning old JSON files...
   ✓ Removed 0 old JSON files (kept 10)
4. Cleaning backup files...
   ✓ Old backup files cleaned
5. Cleaning temporary email files...
   ✓ Temporary email files cleaned
6. Cleaning browser cache...
   ✓ Browser cache cleaned
7. Checking disk space...
   Current disk usage:
/dev/mapper/ubuntu--vg-ubuntu--lv   14G   12G  1.3G  91% /
8. Largest files in /home/bihac-danas/web-scraper:
   No files larger than 10MB found
9. Cleaning empty directories...
   ✓ Empty directories removed

==============================================
✅ Cleanup completed!

To automate cleanup, add to crontab:
0 2 * * * /home/bihac-danas/web-scraper/cleanup_script.sh >> /home/bihac-danas/web-scraper/cleanup.log 2>&1

This will run cleanup daily at 2 AM
==============================================
🧹 Starting cleanup of Bihać Scrapers System...
==============================================
1. Cleaning Python temporary files...
   ✓ Python cache cleaned
2. Rotating log files...
   ✓ Rotated: scraper_log.txt
   ✓ Rotated: scraper_cron.log
   ✓ Rotated: dashboard_access.log
   ✓ Rotated: dashboard_activity.log
   ✓ Rotated: dashboard.log
   ✓ Rotated: email_sent.log
   ✓ Rotated: failed_logins.log
3. Cleaning old JSON files...
   ✓ Removed 0 old JSON files (kept 10)
4. Cleaning backup files...
   ✓ Old backup files cleaned
5. Cleaning temporary email files...
   ✓ Temporary email files cleaned
6. Cleaning browser cache...
   ✓ Browser cache cleaned
7. Checking disk space...
   Current disk usage:
/dev/mapper/ubuntu--vg-ubuntu--lv   14G   12G  1.3G  91% /
8. Largest files in /home/bihac-danas/web-scraper:
   No files larger than 10MB found
9. Cleaning empty directories...
   ✓ Empty directories removed

==============================================
✅ Cleanup completed!

To automate cleanup, add to crontab:
0 2 * * * /home/bihac-danas/web-scraper/cleanup_script.sh >> /home/bihac-danas/web-scraper/cleanup.log 2>&1

This will run cleanup daily at 2 AM
==============================================
🧹 Starting cleanup of Bihać Scrapers System...
==============================================
1. Cleaning Python temporary files...
   ✓ Python cache cleaned
2. Rotating log files...
   ✓ Rotated: scraper_log.txt
   ✓ Rotated: scraper_cron.log
   ✓ Rotated: dashboard_access.log
   ✓ Rotated: dashboard_activity.log
   ✓ Rotated: dashboard.log
   ✓ Rotated: email_sent.log
   ✓ Rotated: failed_logins.log
3. Cleaning old JSON files...
   ✓ Removed 0 old JSON files (kept 12)
4. Cleaning backup files...
   ✓ Old backup files cleaned
5. Cleaning temporary email files...
   ✓ Temporary email files cleaned
6. Cleaning browser cache...
   ✓ Browser cache cleaned
7. Checking disk space...
   Current disk usage:
/dev/mapper/ubuntu--vg-ubuntu--lv   14G   13G  950M  93% /
8. Largest files in /home/bihac-danas/web-scraper:
   No files larger than 10MB found
9. Cleaning empty directories...
   ✓ Empty directories removed

==============================================
✅ Cleanup completed!

To automate cleanup, add to crontab:
0 2 * * * /home/bihac-danas/web-scraper/cleanup_script.sh >> /home/bihac-danas/web-scraper/cleanup.log 2>&1

This will run cleanup daily at 2 AM
==============================================
🧹 Starting cleanup of Bihać Scrapers System...
==============================================
1. Cleaning Python temporary files...
   ✓ Python cache cleaned
2. Rotating log files...
   ✓ Rotated: scraper_log.txt
   ✓ Rotated: scraper_cron.log
   ✓ Rotated: dashboard_access.log
   ✓ Rotated: dashboard_activity.log
   ✓ Rotated: dashboard.log
   ✓ Rotated: email_sent.log
   ✓ Rotated: failed_logins.log
3. Cleaning old JSON files...
   ✓ Removed 7 old JSON files (kept 7)
4. Cleaning backup files...
   ✓ Old backup files cleaned
5. Cleaning temporary email files...
   ✓ Temporary email files cleaned
6. Cleaning browser cache...
   ✓ Browser cache cleaned
7. Checking disk space...
   Current disk usage:
/dev/mapper/ubuntu--vg-ubuntu--lv   14G   13G  475M  97% /
8. Largest files in /home/bihac-danas/web-scraper:
   No files larger than 10MB found
9. Cleaning empty directories...
   ✓ Empty directories removed

==============================================
✅ Cleanup completed!

To automate cleanup, add to crontab:
0 2 * * * /home/bihac-danas/web-scraper/cleanup_script.sh >> /home/bihac-danas/web-scraper/cleanup.log 2>&1

This will run cleanup daily at 2 AM
==============================================
🧹 Starting cleanup of Bihać Scrapers System...
==============================================
1. Cleaning Python temporary files...
   ✓ Python cache cleaned
2. Rotating log files...
   ✓ Rotated: scraper_log.txt
   ✓ Rotated: scraper_cron.log
   ✓ Rotated: dashboard_access.log
   ✓ Rotated: dashboard_activity.log
   ✓ Rotated: dashboard.log
   ✓ Rotated: email_sent.log
   ✓ Rotated: failed_logins.log
3. Cleaning old JSON files...
   ✓ Removed 0 old JSON files (kept 11)
4. Cleaning backup files...
   ✓ Old backup files cleaned
5. Cleaning temporary email files...
   ✓ Temporary email files cleaned
6. Cleaning browser cache...
   ✓ Browser cache cleaned
7. Checking disk space...
   Current disk usage:
/dev/mapper/ubuntu--vg-ubuntu--lv   14G   13G  455M  97% /
8. Largest files in /home/bihac-danas/web-scraper:
   No files larger than 10MB found
9. Cleaning empty directories...
   ✓ Empty directories removed

==============================================
✅ Cleanup completed!

To automate cleanup, add to crontab:
0 2 * * * /home/bihac-danas/web-scraper/cleanup_script.sh >> /home/bihac-danas/web-scraper/cleanup.log 2>&1

This will run cleanup daily at 2 AM
==============================================
🧹 Starting cleanup of Bihać Scrapers System...
==============================================
1. Cleaning Python temporary files...
   ✓ Python cache cleaned
2. Rotating log files...
   ✓ Rotated: scraper_log.txt
   ✓ Rotated: scraper_cron.log
   ✓ Rotated: dashboard_access.log
   ✓ Rotated: dashboard_activity.log
   ✓ Rotated: dashboard.log
   ✓ Rotated: email_sent.log
   ✓ Rotated: failed_logins.log
3. Cleaning old JSON files...
   ✓ Removed 0 old JSON files (kept 4)
4. Cleaning backup files...
   ✓ Old backup files cleaned
5. Cleaning temporary email files...
   ✓ Temporary email files cleaned
6. Cleaning browser cache...
   ✓ Browser cache cleaned
7. Checking disk space...
   Current disk usage:
/dev/mapper/ubuntu--vg-ubuntu--lv   14G   13G  7.8M 100% /
8. Largest files in /home/bihac-danas/web-scraper:
   No files larger than 10MB found
9. Cleaning empty directories...
   ✓ Empty directories removed

==============================================
✅ Cleanup completed!

To automate cleanup, add to crontab:
0 2 * * * /home/bihac-danas/web-scraper/cleanup_script.sh >> /home/bihac-danas/web-scraper/cleanup.log 2>&1

This will run cleanup daily at 2 AM
==============================================
🧹 Starting cleanup of Bihać Scrapers System...
==============================================
1. Cleaning Python temporary files...
   ✓ Python cache cleaned
2. Rotating log files...
   ✓ Rotated: scraper_log.txt
   ✓ Rotated: scraper_cron.log
   ✓ Rotated: dashboard_access.log
   ✓ Rotated: dashboard_activity.log
   ✓ Rotated: dashboard.log
   ✓ Rotated: email_sent.log
   ✓ Rotated: failed_logins.log
3. Cleaning old JSON files...
   ✓ Removed 0 old JSON files (kept 253)
4. Cleaning backup files...
   ✓ Old backup files cleaned
5. Cleaning temporary email files...
   ✓ Temporary email files cleaned
6. Cleaning browser cache...
   ✓ Browser cache cleaned
7. Checking disk space...
   Current disk usage:
/dev/mapper/ubuntu--vg-ubuntu--lv   14G   13G  510M  97% /
8. Largest files in /home/bihac-danas/web-scraper:
-rwxrwxr-x 1 bihac-danas bihac-danas 13M Mar 11 13:50 /home/bihac-danas/web-scraper/scraper-env/lib/python3.12/site-packages/cryptography/hazmat/bindings/_rust.abi3.so
-rwxrwxr-x 1 bihac-danas bihac-danas 12M Mar 11 13:46 /home/bihac-danas/web-scraper/scraper-env/lib/python3.12/site-packages/zstandard/backend_c.cpython-312-x86_64-linux-gnu.so
-rwxrwxr-x 1 bihac-danas bihac-danas 12M Mar 11 13:46 /home/bihac-danas/web-scraper/scraper-env/lib/python3.12/site-packages/zstandard/_cffi.cpython-312-x86_64-linux-gnu.so
9. Cleaning empty directories...
   ✓ Empty directories removed

==============================================
✅ Cleanup completed!

To automate cleanup, add to crontab:
0 2 * * * /home/bihac-danas/web-scraper/cleanup_script.sh >> /home/bihac-danas/web-scraper/cleanup.log 2>&1

This will run cleanup daily at 2 AM
==============================================
🧹 Starting cleanup of Bihać Scrapers System...
==============================================
1. Cleaning Python temporary files...
   ✓ Python cache cleaned
2. Rotating log files...
   ✓ Rotated: scraper_log.txt
   ✓ Rotated: scraper_cron.log
   ✓ Rotated: dashboard_access.log
   ✓ Rotated: dashboard_activity.log
   ✓ Rotated: dashboard.log
   ✓ Rotated: email_sent.log
   ✓ Rotated: failed_logins.log
3. Cleaning old JSON files...
   ✓ Removed 0 old JSON files (kept 0)
3b. Cleaning old attachment files...
   ✓ Removed 0 old attachment files (kept 329, retention 2 days)
4. Cleaning backup files...
   ✓ Old backup files cleaned
5. Cleaning temporary email files...
   ✓ Temporary email files cleaned
6. Cleaning browser cache...
   ✓ Browser cache cleaned
7. Checking disk space...
   Current disk usage:
/dev/mapper/ubuntu--vg-ubuntu--lv   29G   14G   14G  51% /
8. Largest files in /home/bihac-danas/web-scraper:
-rwxrwxr-x 1 bihac-danas bihac-danas 13M Mar 11 13:50 /home/bihac-danas/web-scraper/scraper-env/lib/python3.12/site-packages/cryptography/hazmat/bindings/_rust.abi3.so
-rwxrwxr-x 1 bihac-danas bihac-danas 12M Mar 11 13:46 /home/bihac-danas/web-scraper/scraper-env/lib/python3.12/site-packages/zstandard/backend_c.cpython-312-x86_64-linux-gnu.so
-rwxrwxr-x 1 bihac-danas bihac-danas 12M Mar 11 13:46 /home/bihac-danas/web-scraper/scraper-env/lib/python3.12/site-packages/zstandard/_cffi.cpython-312-x86_64-linux-gnu.so
9. Cleaning empty directories...
   ✓ Empty directories removed

==============================================
✅ Cleanup completed!

To automate cleanup, add to crontab:
0 2 * * * /home/bihac-danas/web-scraper/cleanup_script.sh >> /home/bihac-danas/web-scraper/cleanup.log 2>&1

This will run cleanup daily at 2 AM
==============================================
🧹 Starting cleanup of Bihać Scrapers System...
==============================================
1. Cleaning Python temporary files...
   ✓ Python cache cleaned
2. Rotating log files...
   ✓ Rotated: scraper_log.txt
   ✓ Rotated: scraper_cron.log
   ✓ Rotated: dashboard_access.log
   ✓ Rotated: dashboard_activity.log
   ✓ Rotated: dashboard.log
   ✓ Rotated: email_sent.log
   ✓ Rotated: failed_logins.log
3. Cleaning old JSON files...
   ✓ Removed 0 old JSON files (kept 19)
3b. Cleaning old attachment files...
   ✓ Removed 0 old attachment files (kept 395, retention 2 days)
4. Cleaning backup files...
   ✓ Old backup files cleaned
5. Cleaning temporary email files...
   ✓ Temporary email files cleaned
6. Cleaning browser cache...
   ✓ Browser cache cleaned
7. Checking disk space...
   Current disk usage:
/dev/mapper/ubuntu--vg-ubuntu--lv   29G   14G   14G  51% /
8. Largest files in /home/bihac-danas/web-scraper:
-rwxrwxr-x 1 bihac-danas bihac-danas 13M Mar 11 13:50 /home/bihac-danas/web-scraper/scraper-env/lib/python3.12/site-packages/cryptography/hazmat/bindings/_rust.abi3.so
-rwxrwxr-x 1 bihac-danas bihac-danas 12M Mar 11 13:46 /home/bihac-danas/web-scraper/scraper-env/lib/python3.12/site-packages/zstandard/backend_c.cpython-312-x86_64-linux-gnu.so
-rwxrwxr-x 1 bihac-danas bihac-danas 12M Mar 11 13:46 /home/bihac-danas/web-scraper/scraper-env/lib/python3.12/site-packages/zstandard/_cffi.cpython-312-x86_64-linux-gnu.so
9. Cleaning empty directories...
   ✓ Empty directories removed

==============================================
✅ Cleanup completed!

To automate cleanup, add to crontab:
0 2 * * * /home/bihac-danas/web-scraper/cleanup_script.sh >> /home/bihac-danas/web-scraper/cleanup.log 2>&1

This will run cleanup daily at 2 AM
==============================================
🧹 Starting cleanup of Bihać Scrapers System...
==============================================
1. Cleaning Python temporary files...
   ✓ Python cache cleaned
2. Rotating log files...
   ✓ Rotated: scraper_log.txt
   ✓ Rotated: scraper_cron.log
   ✓ Rotated: dashboard_access.log
   ✓ Rotated: dashboard_activity.log
   ✓ Rotated: dashboard.log
   ✓ Rotated: email_sent.log
   ✓ Rotated: failed_logins.log
3. Cleaning old JSON files...
   ✓ Removed 0 old JSON files (kept 0)
3b. Cleaning old attachment files...
   ✓ Removed 123 old attachment files (kept 297, retention 2 days)
4. Cleaning backup files...
   ✓ Old backup files cleaned
5. Cleaning temporary email files...
   ✓ Temporary email files cleaned
6. Cleaning browser cache...
   ✓ Browser cache cleaned
7. Checking disk space...
   Current disk usage:
/dev/mapper/ubuntu--vg-ubuntu--lv   29G   14G   14G  51% /
8. Largest files in /home/bihac-danas/web-scraper:
-rwxrwxr-x 1 bihac-danas bihac-danas 13M Mar 11 13:50 /home/bihac-danas/web-scraper/scraper-env/lib/python3.12/site-packages/cryptography/hazmat/bindings/_rust.abi3.so
-rwxrwxr-x 1 bihac-danas bihac-danas 12M Mar 11 13:46 /home/bihac-danas/web-scraper/scraper-env/lib/python3.12/site-packages/zstandard/backend_c.cpython-312-x86_64-linux-gnu.so
-rwxrwxr-x 1 bihac-danas bihac-danas 12M Mar 11 13:46 /home/bihac-danas/web-scraper/scraper-env/lib/python3.12/site-packages/zstandard/_cffi.cpython-312-x86_64-linux-gnu.so
9. Cleaning empty directories...
   ✓ Empty directories removed

==============================================
✅ Cleanup completed!

To automate cleanup, add to crontab:
0 2 * * * /home/bihac-danas/web-scraper/cleanup_script.sh >> /home/bihac-danas/web-scraper/cleanup.log 2>&1

This will run cleanup daily at 2 AM
==============================================
🧹 Starting cleanup of Bihać Scrapers System...
==============================================
1. Cleaning Python temporary files...
   ✓ Python cache cleaned
2. Rotating log files...
   ✓ Rotated: scraper_log
   ✓ Rotated: scraper_cron.log
   ✓ Rotated: dashboard_access.log
   ✓ Rotated: dashboard_activity.log
   ✓ Rotated: dashboard.log
   ✓ Rotated: email_sent.log
   ✓ Rotated: failed_logins.log
3. Cleaning old JSON files...
   ✓ Removed 0 old JSON files (kept 67)
3b. Cleaning old attachment files...
   ✓ Removed 94 old attachment files (kept 238, retention 2 days)
4. Cleaning backup files...
   ✓ Old backup files cleaned
5. Cleaning temporary email files...
   ✓ Temporary email files cleaned
6. Cleaning browser cache...
   ✓ Browser cache cleaned
7. Checking disk space...
   Current disk usage:
/dev/mapper/ubuntu--vg-ubuntu--lv   29G   14G   14G  51% /
8. Largest files in /home/bihac-danas/web-scraper:
-rwxrwxr-x 1 bihac-danas bihac-danas 13M Mar 11 13:50 /home/bihac-danas/web-scraper/scraper-env/lib/python3.12/site-packages/cryptography/hazmat/bindings/_rust.abi3.so
-rwxrwxr-x 1 bihac-danas bihac-danas 12M Mar 11 13:46 /home/bihac-danas/web-scraper/scraper-env/lib/python3.12/site-packages/zstandard/backend_c.cpython-312-x86_64-linux-gnu.so
-rwxrwxr-x 1 bihac-danas bihac-danas 12M Mar 11 13:46 /home/bihac-danas/web-scraper/scraper-env/lib/python3.12/site-packages/zstandard/_cffi.cpython-312-x86_64-linux-gnu.so
9. Cleaning empty directories...
   ✓ Empty directories removed

==============================================
✅ Cleanup completed!

To automate cleanup, add to crontab:
0 2 * * * /home/bihac-danas/web-scraper/cleanup_script.sh >> /home/bihac-danas/web-scraper/cleanup.log 2>&1

This will run cleanup daily at 2 AM
==============================================
🧹 Starting cleanup of Bihać Scrapers System...
==============================================
1. Cleaning Python temporary files...
   ✓ Python cache cleaned
2. Rotating log files...
   ✓ Rotated: scraper_log
   ✓ Rotated: scraper_cron.log
   ✓ Rotated: dashboard_access.log
   ✓ Rotated: dashboard_activity.log
   ✓ Rotated: dashboard.log
   ✓ Rotated: email_sent.log
   ✓ Rotated: failed_logins.log
3. Cleaning old JSON files...
   ✓ Removed 0 old JSON files (kept 0)
3b. Cleaning old attachment files...
   ✓ Removed 66 old attachment files (kept 199, retention 2 days)
4. Cleaning backup files...
   ✓ Old backup files cleaned
5. Cleaning temporary email files...
   ✓ Temporary email files cleaned
6. Cleaning browser cache...
   ✓ Browser cache cleaned
7. Checking disk space...
   Current disk usage:
/dev/mapper/ubuntu--vg-ubuntu--lv   29G   14G   14G  52% /
8. Largest files in /home/bihac-danas/web-scraper:
-rwxrwxr-x 1 bihac-danas bihac-danas 13M Mar 11 13:50 /home/bihac-danas/web-scraper/scraper-env/lib/python3.12/site-packages/cryptography/hazmat/bindings/_rust.abi3.so
-rwxrwxr-x 1 bihac-danas bihac-danas 12M Mar 11 13:46 /home/bihac-danas/web-scraper/scraper-env/lib/python3.12/site-packages/zstandard/backend_c.cpython-312-x86_64-linux-gnu.so
-rwxrwxr-x 1 bihac-danas bihac-danas 12M Mar 11 13:46 /home/bihac-danas/web-scraper/scraper-env/lib/python3.12/site-packages/zstandard/_cffi.cpython-312-x86_64-linux-gnu.so
9. Cleaning empty directories...
   ✓ Empty directories removed

==============================================
✅ Cleanup completed!

To automate cleanup, add to crontab:
0 2 * * * /home/bihac-danas/web-scraper/cleanup_script.sh >> /home/bihac-danas/web-scraper/cleanup.log 2>&1

This will run cleanup daily at 2 AM
==============================================
🧹 Starting cleanup of Bihać Scrapers System...
==============================================
1. Cleaning Python temporary files...
   ✓ Python cache cleaned
2. Rotating log files...
   ✓ Rotated: scraper_log
   ✓ Rotated: scraper_cron.log
   ✓ Rotated: dashboard_access.log
   ✓ Rotated: dashboard_activity.log
   ✓ Rotated: dashboard.log
   ✓ Rotated: email_sent.log
   ✓ Rotated: failed_logins.log
3. Cleaning old JSON files...
   ✓ Removed 0 old JSON files (kept 110)
3b. Cleaning old attachment files...
   ✓ Removed 46 old attachment files (kept 153, retention 2 days)
4. Cleaning backup files...
   ✓ Old backup files cleaned
5. Cleaning temporary email files...
   ✓ Temporary email files cleaned
6. Cleaning browser cache...
   ✓ Browser cache cleaned
7. Checking disk space...
   Current disk usage:
/dev/mapper/ubuntu--vg-ubuntu--lv   29G   14G   14G  52% /
8. Largest files in /home/bihac-danas/web-scraper:
-rwxrwxr-x 1 bihac-danas bihac-danas 13M Mar 11 13:50 /home/bihac-danas/web-scraper/scraper-env/lib/python3.12/site-packages/cryptography/hazmat/bindings/_rust.abi3.so
-rwxrwxr-x 1 bihac-danas bihac-danas 12M Mar 11 13:46 /home/bihac-danas/web-scraper/scraper-env/lib/python3.12/site-packages/zstandard/backend_c.cpython-312-x86_64-linux-gnu.so
-rwxrwxr-x 1 bihac-danas bihac-danas 12M Mar 11 13:46 /home/bihac-danas/web-scraper/scraper-env/lib/python3.12/site-packages/zstandard/_cffi.cpython-312-x86_64-linux-gnu.so
9. Cleaning empty directories...
   ✓ Empty directories removed

==============================================
✅ Cleanup completed!

To automate cleanup, add to crontab:
0 2 * * * /home/bihac-danas/web-scraper/cleanup_script.sh >> /home/bihac-danas/web-scraper/cleanup.log 2>&1

This will run cleanup daily at 2 AM
==============================================
🧹 Starting cleanup of Bihać Scrapers System...
==============================================
1. Cleaning Python temporary files...
   ✓ Python cache cleaned
2. Rotating log files...
   ✓ Rotated: scraper_log
   ✓ Rotated: scraper_cron.log
   ✓ Rotated: dashboard_access.log
   ✓ Rotated: dashboard_activity.log
   ✓ Rotated: dashboard.log
   ✓ Rotated: email_sent.log
   ✓ Rotated: failed_logins.log
3. Cleaning old JSON files...
   ✓ Removed 0 old JSON files (kept 135)
3b. Cleaning old attachment files...
   ✓ Removed 22 old attachment files (kept 178, retention 2 days)
4. Cleaning backup files...
   ✓ Old backup files cleaned
5. Cleaning temporary email files...
   ✓ Temporary email files cleaned
6. Cleaning browser cache...
   ✓ Browser cache cleaned
7. Checking disk space...
   Current disk usage:
/dev/mapper/ubuntu--vg-ubuntu--lv   29G   15G   13G  53% /
8. Largest files in /home/bihac-danas/web-scraper:
-rwxrwxr-x 1 bihac-danas bihac-danas 13M Mar 11 13:50 /home/bihac-danas/web-scraper/scraper-env/lib/python3.12/site-packages/cryptography/hazmat/bindings/_rust.abi3.so
-rwxrwxr-x 1 bihac-danas bihac-danas 12M Mar 11 13:46 /home/bihac-danas/web-scraper/scraper-env/lib/python3.12/site-packages/zstandard/backend_c.cpython-312-x86_64-linux-gnu.so
-rwxrwxr-x 1 bihac-danas bihac-danas 12M Mar 11 13:46 /home/bihac-danas/web-scraper/scraper-env/lib/python3.12/site-packages/zstandard/_cffi.cpython-312-x86_64-linux-gnu.so
9. Cleaning empty directories...
   ✓ Empty directories removed

==============================================
✅ Cleanup completed!

To automate cleanup, add to crontab:
0 2 * * * /home/bihac-danas/web-scraper/cleanup_script.sh >> /home/bihac-danas/web-scraper/cleanup.log 2>&1

This will run cleanup daily at 2 AM
==============================================
